I'm sorry, but errors were detected in your script. Please correct the
errors listed below, and try again.


File "game/script.rpy", line 10: Line is indented, but the preceding with statement statement does not expect a block. Please check this line's indentation. You may have forgotten a colon (:).
    show felix chappy at fit_screen
    ^

Ren'Py Version: Ren'Py 8.3.7.25031702
Sat Sep 27 14:30:13 2025
